src/components/UserManagement.tsx(26,73): error TS2322: Type '"USER"' is not assignable to type 'UserRole'.
src/components/UserManagement.tsx(41,34): error TS2339: Property 'getUsers' does not exist on type '{ findAll: (params?: UserQueryParams | undefined) => Promise<PaginatedResponse<User>>; findOne: (id: string) => Promise<User>; create: (data: CreateUserData) => Promise<...>; update: (id: string, data: UpdateUserData) => Promise<...>; remove: (id: string) => Promise<...>; }'.
src/components/UserManagement.tsx(68,134): error TS2353: Object literal may only specify known properties, and 'language' does not exist in type 'UpdateUserData'.
src/components/UserManagement.tsx(68,149): error TS2339: Property 'language' does not exist on type '{ email: string; firstName?: string | undefined; lastName?: string | undefined; role: UserRole; phoneNumber?: string | undefined; departmentId?: string | undefined; companyId?: string | undefined; }'.
src/components/UserManagement.tsx(69,24): error TS2339: Property 'updateUser' does not exist on type '{ findAll: (params?: UserQueryParams | undefined) => Promise<PaginatedResponse<User>>; findOne: (id: string) => Promise<User>; create: (data: CreateUserData) => Promise<...>; update: (id: string, data: UpdateUserData) => Promise<...>; remove: (id: string) => Promise<...>; }'.
src/components/UserManagement.tsx(71,24): error TS2339: Property 'createUser' does not exist on type '{ findAll: (params?: UserQueryParams | undefined) => Promise<PaginatedResponse<User>>; findOne: (id: string) => Promise<User>; create: (data: CreateUserData) => Promise<...>; update: (id: string, data: UpdateUserData) => Promise<...>; remove: (id: string) => Promise<...>; }'.
src/components/UserManagement.tsx(75,89): error TS2322: Type '"USER"' is not assignable to type 'UserRole'.
src/components/UserManagement.tsx(92,7): error TS2353: Object literal may only specify known properties, and 'language' does not exist in type 'SetStateAction<CreateUserData & { departmentId?: string | undefined; companyId?: string | undefined; }>'.
src/components/UserManagement.tsx(92,22): error TS2339: Property 'language' does not exist on type 'User'.
src/components/UserManagement.tsx(101,22): error TS2339: Property 'deleteUser' does not exist on type '{ findAll: (params?: UserQueryParams | undefined) => Promise<PaginatedResponse<User>>; findOne: (id: string) => Promise<User>; create: (data: CreateUserData) => Promise<...>; update: (id: string, data: UpdateUserData) => Promise<...>; remove: (id: string) => Promise<...>; }'.
src/components/UserManagement.tsx(139,138): error TS2322: Type '"USER"' is not assignable to type 'UserRole'.
src/components/UserManagement.tsx(208,29): error TS2339: Property 'lastLoginAt' does not exist on type 'User'.
src/components/UserManagement.tsx(208,57): error TS2339: Property 'lastLoginAt' does not exist on type 'User'.
src/components/views/kpi-library/KPILibraryView.tsx(76,9): error TS2322: Type 'Resolver<{ code: string; name: string; formulaType: FormulaType; frequency: AssessmentFrequency; defaultWeight: unknown; scoreCap: unknown; scoreFloor: unknown; description?: string | undefined; customFormula?: string | undefined; unit?: string | undefined; }, any, { ...; }>' is not assignable to type 'Resolver<{ code: string; name: string; formulaType: FormulaType; frequency: AssessmentFrequency; defaultWeight: number; scoreCap: number; scoreFloor: number; description?: string | undefined; customFormula?: string | undefined; unit?: string | undefined; }, any, { ...; }>'.
  Types of parameters 'options' and 'options' are incompatible.
    Type 'ResolverOptions<{ code: string; name: string; formulaType: FormulaType; frequency: AssessmentFrequency; defaultWeight: number; scoreCap: number; scoreFloor: number; description?: string | undefined; customFormula?: string | undefined; unit?: string | undefined; }>' is not assignable to type 'ResolverOptions<{ code: string; name: string; formulaType: FormulaType; frequency: AssessmentFrequency; defaultWeight: unknown; scoreCap: unknown; scoreFloor: unknown; description?: string | undefined; customFormula?: string | undefined; unit?: string | undefined; }>'.
      Type 'unknown' is not assignable to type 'number'.
src/components/views/kpi-library/KPILibraryView.tsx(233,55): error TS2345: Argument of type '(data: KPIFormValues) => Promise<void>' is not assignable to parameter of type 'SubmitHandler<TFieldValues>'.
  Types of parameters 'data' and 'data' are incompatible.
    Type 'TFieldValues' is not assignable to type '{ code: string; name: string; formulaType: FormulaType; frequency: AssessmentFrequency; defaultWeight: number; scoreCap: number; scoreFloor: number; description?: string | undefined; customFormula?: string | undefined; unit?: string | undefined; }'.
      Type 'FieldValues' is missing the following properties from type '{ code: string; name: string; formulaType: FormulaType; frequency: AssessmentFrequency; defaultWeight: number; scoreCap: number; scoreFloor: number; description?: string | undefined; customFormula?: string | undefined; unit?: string | undefined; }': code, name, formulaType, frequency, and 3 more.
