src/App.tsx(69,60): error TS2322: Type '{ language: Language; }' is not assignable to type 'IntrinsicAttributes'.
  Property 'language' does not exist on type 'IntrinsicAttributes'.
src/components/layout/Sidebar.tsx(58,13): error TS2322: Type '{ name: string; email: string; size: string; }' is not assignable to type 'IntrinsicAttributes & Omit<AvatarProps & RefAttributes<HTMLSpanElement>, "ref"> & RefAttributes<HTMLSpanElement>'.
  Property 'name' does not exist on type 'IntrinsicAttributes & Omit<AvatarProps & RefAttributes<HTMLSpanElement>, "ref"> & RefAttributes<HTMLSpanElement>'.
src/components/ui/index.ts(2,28): error TS2305: Module '"./Card"' has no exported member 'CardBody'.
src/components/ui/index.ts(2,56): error TS1149: File name 'D:/Code/JS/Project/Demo/smartkpi-audit-ai/frontend/src/components/ui/Card.tsx' differs from already included file name 'D:/Code/JS/Project/Demo/smartkpi-audit-ai/frontend/src/components/ui/card.tsx' only in casing.
  The file is in the program because:
    Imported via '@/components/ui/card' from file 'D:/Code/JS/Project/Demo/smartkpi-audit-ai/frontend/src/components/views/DashboardView.tsx'
    Imported via '../ui/Card' from file 'D:/Code/JS/Project/Demo/smartkpi-audit-ai/frontend/src/components/views/KPIManagementView.tsx'
    Imported via '@/components/ui/card' from file 'D:/Code/JS/Project/Demo/smartkpi-audit-ai/frontend/src/components/views/TeamManagementView.tsx'
    Imported via '../ui/Card' from file 'D:/Code/JS/Project/Demo/smartkpi-audit-ai/frontend/src/components/views/ReportsView.tsx'
    Imported via '@/components/ui/card' from file 'D:/Code/JS/Project/Demo/smartkpi-audit-ai/frontend/src/components/views/kpi-library/KPILibraryView.tsx'
    Imported via '@/components/ui/card' from file 'D:/Code/JS/Project/Demo/smartkpi-audit-ai/frontend/src/components/views/assessment/AssessmentPeriodView.tsx'
    Imported via '@/components/ui/card' from file 'D:/Code/JS/Project/Demo/smartkpi-audit-ai/frontend/src/components/views/data-entry/DataEntryView.tsx'
    Imported via '@/components/ui/card' from file 'D:/Code/JS/Project/Demo/smartkpi-audit-ai/frontend/src/components/views/permissions/PermissionsView.tsx'
    Matched by include pattern 'src' in 'D:/Code/JS/Project/Demo/smartkpi-audit-ai/frontend/tsconfig.json'
    Imported via './Card' from file 'D:/Code/JS/Project/Demo/smartkpi-audit-ai/frontend/src/components/ui/index.ts'
src/components/ui/index.ts(4,15): error TS2724: '"./Badge"' has no exported member named 'BadgeVariant'. Did you mean 'badgeVariants'?
src/components/ui/index.ts(7,79): error TS1149: File name 'D:/Code/JS/Project/Demo/smartkpi-audit-ai/frontend/src/components/ui/Table.tsx' differs from already included file name 'D:/Code/JS/Project/Demo/smartkpi-audit-ai/frontend/src/components/ui/table.tsx' only in casing.
  The file is in the program because:
    Imported via '@/components/ui/table' from file 'D:/Code/JS/Project/Demo/smartkpi-audit-ai/frontend/src/components/views/DashboardView.tsx'
    Imported via '../ui/Table' from file 'D:/Code/JS/Project/Demo/smartkpi-audit-ai/frontend/src/components/views/KPIManagementView.tsx'
    Imported via '@/components/ui/table' from file 'D:/Code/JS/Project/Demo/smartkpi-audit-ai/frontend/src/components/views/TeamManagementView.tsx'
    Imported via '@/components/ui/table' from file 'D:/Code/JS/Project/Demo/smartkpi-audit-ai/frontend/src/components/views/kpi-library/KPILibraryView.tsx'
    Imported via '@/components/ui/table' from file 'D:/Code/JS/Project/Demo/smartkpi-audit-ai/frontend/src/components/views/assessment/AssessmentPeriodView.tsx'
    Imported via '@/components/ui/table' from file 'D:/Code/JS/Project/Demo/smartkpi-audit-ai/frontend/src/components/views/permissions/PermissionsView.tsx'
    Matched by include pattern 'src' in 'D:/Code/JS/Project/Demo/smartkpi-audit-ai/frontend/tsconfig.json'
    Imported via './Table' from file 'D:/Code/JS/Project/Demo/smartkpi-audit-ai/frontend/src/components/ui/index.ts'
src/components/ui/index.ts(8,24): error TS1149: File name 'D:/Code/JS/Project/Demo/smartkpi-audit-ai/frontend/src/components/ui/Button.tsx' differs from already included file name 'D:/Code/JS/Project/Demo/smartkpi-audit-ai/frontend/src/components/ui/button.tsx' only in casing.
  The file is in the program because:
    Imported via '@/components/ui/button' from file 'D:/Code/JS/Project/Demo/smartkpi-audit-ai/frontend/src/components/views/DashboardView.tsx'
    Imported via '../ui/Button' from file 'D:/Code/JS/Project/Demo/smartkpi-audit-ai/frontend/src/components/views/KPIManagementView.tsx'
    Imported via '@/components/ui/button' from file 'D:/Code/JS/Project/Demo/smartkpi-audit-ai/frontend/src/components/views/TeamManagementView.tsx'
    Imported via '../ui/Button' from file 'D:/Code/JS/Project/Demo/smartkpi-audit-ai/frontend/src/components/views/ReportsView.tsx'
    Imported via '@/components/ui/button' from file 'D:/Code/JS/Project/Demo/smartkpi-audit-ai/frontend/src/components/views/kpi-library/KPILibraryView.tsx'
    Imported via '@/components/ui/button' from file 'D:/Code/JS/Project/Demo/smartkpi-audit-ai/frontend/src/components/views/assessment/AssessmentPeriodView.tsx'
    Imported via '@/components/ui/button' from file 'D:/Code/JS/Project/Demo/smartkpi-audit-ai/frontend/src/components/views/data-entry/DataEntryView.tsx'
    Imported via '@/components/ui/button' from file 'D:/Code/JS/Project/Demo/smartkpi-audit-ai/frontend/src/components/views/permissions/PermissionsView.tsx'
    Matched by include pattern 'src' in 'D:/Code/JS/Project/Demo/smartkpi-audit-ai/frontend/tsconfig.json'
    Imported via './Button' from file 'D:/Code/JS/Project/Demo/smartkpi-audit-ai/frontend/src/components/ui/index.ts'
    Imported via './Button' from file 'D:/Code/JS/Project/Demo/smartkpi-audit-ai/frontend/src/components/ui/index.ts'
src/components/ui/index.ts(9,15): error TS2724: '"./Button"' has no exported member named 'ButtonVariant'. Did you mean 'buttonVariants'?
src/components/ui/index.ts(9,30): error TS2305: Module '"./Button"' has no exported member 'ButtonSize'.
src/components/ui/index.ts(9,48): error TS1149: File name 'D:/Code/JS/Project/Demo/smartkpi-audit-ai/frontend/src/components/ui/Button.tsx' differs from already included file name 'D:/Code/JS/Project/Demo/smartkpi-audit-ai/frontend/src/components/ui/button.tsx' only in casing.
  The file is in the program because:
    Imported via '@/components/ui/button' from file 'D:/Code/JS/Project/Demo/smartkpi-audit-ai/frontend/src/components/views/DashboardView.tsx'
    Imported via '../ui/Button' from file 'D:/Code/JS/Project/Demo/smartkpi-audit-ai/frontend/src/components/views/KPIManagementView.tsx'
    Imported via '@/components/ui/button' from file 'D:/Code/JS/Project/Demo/smartkpi-audit-ai/frontend/src/components/views/TeamManagementView.tsx'
    Imported via '../ui/Button' from file 'D:/Code/JS/Project/Demo/smartkpi-audit-ai/frontend/src/components/views/ReportsView.tsx'
    Imported via '@/components/ui/button' from file 'D:/Code/JS/Project/Demo/smartkpi-audit-ai/frontend/src/components/views/kpi-library/KPILibraryView.tsx'
    Imported via '@/components/ui/button' from file 'D:/Code/JS/Project/Demo/smartkpi-audit-ai/frontend/src/components/views/assessment/AssessmentPeriodView.tsx'
    Imported via '@/components/ui/button' from file 'D:/Code/JS/Project/Demo/smartkpi-audit-ai/frontend/src/components/views/data-entry/DataEntryView.tsx'
    Imported via '@/components/ui/button' from file 'D:/Code/JS/Project/Demo/smartkpi-audit-ai/frontend/src/components/views/permissions/PermissionsView.tsx'
    Matched by include pattern 'src' in 'D:/Code/JS/Project/Demo/smartkpi-audit-ai/frontend/tsconfig.json'
    Imported via './Button' from file 'D:/Code/JS/Project/Demo/smartkpi-audit-ai/frontend/src/components/ui/index.ts'
    Imported via './Button' from file 'D:/Code/JS/Project/Demo/smartkpi-audit-ai/frontend/src/components/ui/index.ts'
src/components/UserManagement.tsx(26,73): error TS2322: Type '"USER"' is not assignable to type 'UserRole'.
src/components/UserManagement.tsx(41,34): error TS2339: Property 'getUsers' does not exist on type '{ findAll: (params?: UserQueryParams | undefined) => Promise<PaginatedResponse<User>>; findOne: (id: string) => Promise<User>; create: (data: CreateUserData) => Promise<...>; update: (id: string, data: UpdateUserData) => Promise<...>; remove: (id: string) => Promise<...>; }'.
src/components/UserManagement.tsx(68,134): error TS2353: Object literal may only specify known properties, and 'language' does not exist in type 'UpdateUserData'.
src/components/UserManagement.tsx(68,149): error TS2339: Property 'language' does not exist on type '{ email: string; firstName?: string | undefined; lastName?: string | undefined; role: UserRole; phoneNumber?: string | undefined; departmentId?: string | undefined; companyId?: string | undefined; }'.
src/components/UserManagement.tsx(69,24): error TS2339: Property 'updateUser' does not exist on type '{ findAll: (params?: UserQueryParams | undefined) => Promise<PaginatedResponse<User>>; findOne: (id: string) => Promise<User>; create: (data: CreateUserData) => Promise<...>; update: (id: string, data: UpdateUserData) => Promise<...>; remove: (id: string) => Promise<...>; }'.
src/components/UserManagement.tsx(71,24): error TS2339: Property 'createUser' does not exist on type '{ findAll: (params?: UserQueryParams | undefined) => Promise<PaginatedResponse<User>>; findOne: (id: string) => Promise<User>; create: (data: CreateUserData) => Promise<...>; update: (id: string, data: UpdateUserData) => Promise<...>; remove: (id: string) => Promise<...>; }'.
src/components/UserManagement.tsx(75,89): error TS2322: Type '"USER"' is not assignable to type 'UserRole'.
src/components/UserManagement.tsx(92,7): error TS2353: Object literal may only specify known properties, and 'language' does not exist in type 'SetStateAction<CreateUserData & { departmentId?: string | undefined; companyId?: string | undefined; }>'.
src/components/UserManagement.tsx(92,22): error TS2339: Property 'language' does not exist on type 'User'.
src/components/UserManagement.tsx(101,22): error TS2339: Property 'deleteUser' does not exist on type '{ findAll: (params?: UserQueryParams | undefined) => Promise<PaginatedResponse<User>>; findOne: (id: string) => Promise<User>; create: (data: CreateUserData) => Promise<...>; update: (id: string, data: UpdateUserData) => Promise<...>; remove: (id: string) => Promise<...>; }'.
src/components/UserManagement.tsx(139,138): error TS2322: Type '"USER"' is not assignable to type 'UserRole'.
src/components/UserManagement.tsx(208,29): error TS2339: Property 'lastLoginAt' does not exist on type 'User'.
src/components/UserManagement.tsx(208,57): error TS2339: Property 'lastLoginAt' does not exist on type 'User'.
src/components/views/assessment/AssessmentPeriodView.tsx(8,23): error TS1149: File name 'D:/Code/JS/Project/Demo/smartkpi-audit-ai/frontend/src/components/ui/input.tsx' differs from already included file name 'D:/Code/JS/Project/Demo/smartkpi-audit-ai/frontend/src/components/ui/Input.tsx' only in casing.
  The file is in the program because:
    Imported via '../ui/Input' from file 'D:/Code/JS/Project/Demo/smartkpi-audit-ai/frontend/src/components/views/KPIManagementView.tsx'
    Imported via '@/components/ui/input' from file 'D:/Code/JS/Project/Demo/smartkpi-audit-ai/frontend/src/components/views/TeamManagementView.tsx'
    Imported via '@/components/ui/input' from file 'D:/Code/JS/Project/Demo/smartkpi-audit-ai/frontend/src/components/views/kpi-library/KPILibraryView.tsx'
    Imported via '@/components/ui/input' from file 'D:/Code/JS/Project/Demo/smartkpi-audit-ai/frontend/src/components/views/assessment/AssessmentPeriodView.tsx'
    Imported via '@/components/ui/input' from file 'D:/Code/JS/Project/Demo/smartkpi-audit-ai/frontend/src/components/views/data-entry/DataEntryView.tsx'
    Matched by include pattern 'src' in 'D:/Code/JS/Project/Demo/smartkpi-audit-ai/frontend/tsconfig.json'
    Imported via './Input' from file 'D:/Code/JS/Project/Demo/smartkpi-audit-ai/frontend/src/components/ui/index.ts'
src/components/views/DashboardView.tsx(2,75): error TS1261: Already included file name 'D:/Code/JS/Project/Demo/smartkpi-audit-ai/frontend/src/components/ui/card.tsx' differs from file name 'D:/Code/JS/Project/Demo/smartkpi-audit-ai/frontend/src/components/ui/Card.tsx' only in casing.
  The file is in the program because:
    Imported via '@/components/ui/card' from file 'D:/Code/JS/Project/Demo/smartkpi-audit-ai/frontend/src/components/views/DashboardView.tsx'
    Imported via '../ui/Card' from file 'D:/Code/JS/Project/Demo/smartkpi-audit-ai/frontend/src/components/views/KPIManagementView.tsx'
    Imported via '@/components/ui/card' from file 'D:/Code/JS/Project/Demo/smartkpi-audit-ai/frontend/src/components/views/TeamManagementView.tsx'
    Imported via '../ui/Card' from file 'D:/Code/JS/Project/Demo/smartkpi-audit-ai/frontend/src/components/views/ReportsView.tsx'
    Imported via '@/components/ui/card' from file 'D:/Code/JS/Project/Demo/smartkpi-audit-ai/frontend/src/components/views/kpi-library/KPILibraryView.tsx'
    Imported via '@/components/ui/card' from file 'D:/Code/JS/Project/Demo/smartkpi-audit-ai/frontend/src/components/views/assessment/AssessmentPeriodView.tsx'
    Imported via '@/components/ui/card' from file 'D:/Code/JS/Project/Demo/smartkpi-audit-ai/frontend/src/components/views/data-entry/DataEntryView.tsx'
    Imported via '@/components/ui/card' from file 'D:/Code/JS/Project/Demo/smartkpi-audit-ai/frontend/src/components/views/permissions/PermissionsView.tsx'
    Matched by include pattern 'src' in 'D:/Code/JS/Project/Demo/smartkpi-audit-ai/frontend/tsconfig.json'
    Imported via './Card' from file 'D:/Code/JS/Project/Demo/smartkpi-audit-ai/frontend/src/components/ui/index.ts'
src/components/views/DashboardView.tsx(4,24): error TS1261: Already included file name 'D:/Code/JS/Project/Demo/smartkpi-audit-ai/frontend/src/components/ui/button.tsx' differs from file name 'D:/Code/JS/Project/Demo/smartkpi-audit-ai/frontend/src/components/ui/Button.tsx' only in casing.
  The file is in the program because:
    Imported via '@/components/ui/button' from file 'D:/Code/JS/Project/Demo/smartkpi-audit-ai/frontend/src/components/views/DashboardView.tsx'
    Imported via '../ui/Button' from file 'D:/Code/JS/Project/Demo/smartkpi-audit-ai/frontend/src/components/views/KPIManagementView.tsx'
    Imported via '@/components/ui/button' from file 'D:/Code/JS/Project/Demo/smartkpi-audit-ai/frontend/src/components/views/TeamManagementView.tsx'
    Imported via '../ui/Button' from file 'D:/Code/JS/Project/Demo/smartkpi-audit-ai/frontend/src/components/views/ReportsView.tsx'
    Imported via '@/components/ui/button' from file 'D:/Code/JS/Project/Demo/smartkpi-audit-ai/frontend/src/components/views/kpi-library/KPILibraryView.tsx'
    Imported via '@/components/ui/button' from file 'D:/Code/JS/Project/Demo/smartkpi-audit-ai/frontend/src/components/views/assessment/AssessmentPeriodView.tsx'
    Imported via '@/components/ui/button' from file 'D:/Code/JS/Project/Demo/smartkpi-audit-ai/frontend/src/components/views/data-entry/DataEntryView.tsx'
    Imported via '@/components/ui/button' from file 'D:/Code/JS/Project/Demo/smartkpi-audit-ai/frontend/src/components/views/permissions/PermissionsView.tsx'
    Matched by include pattern 'src' in 'D:/Code/JS/Project/Demo/smartkpi-audit-ai/frontend/tsconfig.json'
    Imported via './Button' from file 'D:/Code/JS/Project/Demo/smartkpi-audit-ai/frontend/src/components/ui/index.ts'
    Imported via './Button' from file 'D:/Code/JS/Project/Demo/smartkpi-audit-ai/frontend/src/components/ui/index.ts'
src/components/views/DashboardView.tsx(10,79): error TS1261: Already included file name 'D:/Code/JS/Project/Demo/smartkpi-audit-ai/frontend/src/components/ui/table.tsx' differs from file name 'D:/Code/JS/Project/Demo/smartkpi-audit-ai/frontend/src/components/ui/Table.tsx' only in casing.
  The file is in the program because:
    Imported via '@/components/ui/table' from file 'D:/Code/JS/Project/Demo/smartkpi-audit-ai/frontend/src/components/views/DashboardView.tsx'
    Imported via '../ui/Table' from file 'D:/Code/JS/Project/Demo/smartkpi-audit-ai/frontend/src/components/views/KPIManagementView.tsx'
    Imported via '@/components/ui/table' from file 'D:/Code/JS/Project/Demo/smartkpi-audit-ai/frontend/src/components/views/TeamManagementView.tsx'
    Imported via '@/components/ui/table' from file 'D:/Code/JS/Project/Demo/smartkpi-audit-ai/frontend/src/components/views/kpi-library/KPILibraryView.tsx'
    Imported via '@/components/ui/table' from file 'D:/Code/JS/Project/Demo/smartkpi-audit-ai/frontend/src/components/views/assessment/AssessmentPeriodView.tsx'
    Imported via '@/components/ui/table' from file 'D:/Code/JS/Project/Demo/smartkpi-audit-ai/frontend/src/components/views/permissions/PermissionsView.tsx'
    Matched by include pattern 'src' in 'D:/Code/JS/Project/Demo/smartkpi-audit-ai/frontend/tsconfig.json'
    Imported via './Table' from file 'D:/Code/JS/Project/Demo/smartkpi-audit-ai/frontend/src/components/ui/index.ts'
src/components/views/data-entry/DataEntryView.tsx(9,23): error TS1149: File name 'D:/Code/JS/Project/Demo/smartkpi-audit-ai/frontend/src/components/ui/input.tsx' differs from already included file name 'D:/Code/JS/Project/Demo/smartkpi-audit-ai/frontend/src/components/ui/Input.tsx' only in casing.
  The file is in the program because:
    Imported via '../ui/Input' from file 'D:/Code/JS/Project/Demo/smartkpi-audit-ai/frontend/src/components/views/KPIManagementView.tsx'
    Imported via '@/components/ui/input' from file 'D:/Code/JS/Project/Demo/smartkpi-audit-ai/frontend/src/components/views/TeamManagementView.tsx'
    Imported via '@/components/ui/input' from file 'D:/Code/JS/Project/Demo/smartkpi-audit-ai/frontend/src/components/views/kpi-library/KPILibraryView.tsx'
    Imported via '@/components/ui/input' from file 'D:/Code/JS/Project/Demo/smartkpi-audit-ai/frontend/src/components/views/assessment/AssessmentPeriodView.tsx'
    Imported via '@/components/ui/input' from file 'D:/Code/JS/Project/Demo/smartkpi-audit-ai/frontend/src/components/views/data-entry/DataEntryView.tsx'
    Matched by include pattern 'src' in 'D:/Code/JS/Project/Demo/smartkpi-audit-ai/frontend/tsconfig.json'
    Imported via './Input' from file 'D:/Code/JS/Project/Demo/smartkpi-audit-ai/frontend/src/components/ui/index.ts'
src/components/views/kpi-library/KPILibraryView.tsx(8,23): error TS1149: File name 'D:/Code/JS/Project/Demo/smartkpi-audit-ai/frontend/src/components/ui/input.tsx' differs from already included file name 'D:/Code/JS/Project/Demo/smartkpi-audit-ai/frontend/src/components/ui/Input.tsx' only in casing.
  The file is in the program because:
    Imported via '../ui/Input' from file 'D:/Code/JS/Project/Demo/smartkpi-audit-ai/frontend/src/components/views/KPIManagementView.tsx'
    Imported via '@/components/ui/input' from file 'D:/Code/JS/Project/Demo/smartkpi-audit-ai/frontend/src/components/views/TeamManagementView.tsx'
    Imported via '@/components/ui/input' from file 'D:/Code/JS/Project/Demo/smartkpi-audit-ai/frontend/src/components/views/kpi-library/KPILibraryView.tsx'
    Imported via '@/components/ui/input' from file 'D:/Code/JS/Project/Demo/smartkpi-audit-ai/frontend/src/components/views/assessment/AssessmentPeriodView.tsx'
    Imported via '@/components/ui/input' from file 'D:/Code/JS/Project/Demo/smartkpi-audit-ai/frontend/src/components/views/data-entry/DataEntryView.tsx'
    Matched by include pattern 'src' in 'D:/Code/JS/Project/Demo/smartkpi-audit-ai/frontend/tsconfig.json'
    Imported via './Input' from file 'D:/Code/JS/Project/Demo/smartkpi-audit-ai/frontend/src/components/ui/index.ts'
src/components/views/kpi-library/KPILibraryView.tsx(76,9): error TS2322: Type 'Resolver<{ code: string; name: string; formulaType: FormulaType; frequency: AssessmentFrequency; defaultWeight: unknown; scoreCap: unknown; scoreFloor: unknown; description?: string | undefined; customFormula?: string | undefined; unit?: string | undefined; }, any, { ...; }>' is not assignable to type 'Resolver<{ code: string; name: string; formulaType: FormulaType; frequency: AssessmentFrequency; defaultWeight: number; scoreCap: number; scoreFloor: number; description?: string | undefined; customFormula?: string | undefined; unit?: string | undefined; }, any, { ...; }>'.
  Types of parameters 'options' and 'options' are incompatible.
    Type 'ResolverOptions<{ code: string; name: string; formulaType: FormulaType; frequency: AssessmentFrequency; defaultWeight: number; scoreCap: number; scoreFloor: number; description?: string | undefined; customFormula?: string | undefined; unit?: string | undefined; }>' is not assignable to type 'ResolverOptions<{ code: string; name: string; formulaType: FormulaType; frequency: AssessmentFrequency; defaultWeight: unknown; scoreCap: unknown; scoreFloor: unknown; description?: string | undefined; customFormula?: string | undefined; unit?: string | undefined; }>'.
      Type 'unknown' is not assignable to type 'number'.
src/components/views/kpi-library/KPILibraryView.tsx(233,55): error TS2345: Argument of type '(data: KPIFormValues) => Promise<void>' is not assignable to parameter of type 'SubmitHandler<TFieldValues>'.
  Types of parameters 'data' and 'data' are incompatible.
    Type 'TFieldValues' is not assignable to type '{ code: string; name: string; formulaType: FormulaType; frequency: AssessmentFrequency; defaultWeight: number; scoreCap: number; scoreFloor: number; description?: string | undefined; customFormula?: string | undefined; unit?: string | undefined; }'.
      Type 'FieldValues' is missing the following properties from type '{ code: string; name: string; formulaType: FormulaType; frequency: AssessmentFrequency; defaultWeight: number; scoreCap: number; scoreFloor: number; description?: string | undefined; customFormula?: string | undefined; unit?: string | undefined; }': code, name, formulaType, frequency, and 3 more.
src/components/views/KPIManagementView.tsx(2,16): error TS2305: Module '"../ui/Card"' has no exported member 'CardBody'.
src/components/views/KPIManagementView.tsx(2,32): error TS1149: File name 'D:/Code/JS/Project/Demo/smartkpi-audit-ai/frontend/src/components/ui/Card.tsx' differs from already included file name 'D:/Code/JS/Project/Demo/smartkpi-audit-ai/frontend/src/components/ui/card.tsx' only in casing.
  The file is in the program because:
    Imported via '@/components/ui/card' from file 'D:/Code/JS/Project/Demo/smartkpi-audit-ai/frontend/src/components/views/DashboardView.tsx'
    Imported via '../ui/Card' from file 'D:/Code/JS/Project/Demo/smartkpi-audit-ai/frontend/src/components/views/KPIManagementView.tsx'
    Imported via '@/components/ui/card' from file 'D:/Code/JS/Project/Demo/smartkpi-audit-ai/frontend/src/components/views/TeamManagementView.tsx'
    Imported via '../ui/Card' from file 'D:/Code/JS/Project/Demo/smartkpi-audit-ai/frontend/src/components/views/ReportsView.tsx'
    Imported via '@/components/ui/card' from file 'D:/Code/JS/Project/Demo/smartkpi-audit-ai/frontend/src/components/views/kpi-library/KPILibraryView.tsx'
    Imported via '@/components/ui/card' from file 'D:/Code/JS/Project/Demo/smartkpi-audit-ai/frontend/src/components/views/assessment/AssessmentPeriodView.tsx'
    Imported via '@/components/ui/card' from file 'D:/Code/JS/Project/Demo/smartkpi-audit-ai/frontend/src/components/views/data-entry/DataEntryView.tsx'
    Imported via '@/components/ui/card' from file 'D:/Code/JS/Project/Demo/smartkpi-audit-ai/frontend/src/components/views/permissions/PermissionsView.tsx'
    Matched by include pattern 'src' in 'D:/Code/JS/Project/Demo/smartkpi-audit-ai/frontend/tsconfig.json'
    Imported via './Card' from file 'D:/Code/JS/Project/Demo/smartkpi-audit-ai/frontend/src/components/ui/index.ts'
src/components/views/KPIManagementView.tsx(3,24): error TS1149: File name 'D:/Code/JS/Project/Demo/smartkpi-audit-ai/frontend/src/components/ui/Button.tsx' differs from already included file name 'D:/Code/JS/Project/Demo/smartkpi-audit-ai/frontend/src/components/ui/button.tsx' only in casing.
  The file is in the program because:
    Imported via '@/components/ui/button' from file 'D:/Code/JS/Project/Demo/smartkpi-audit-ai/frontend/src/components/views/DashboardView.tsx'
    Imported via '../ui/Button' from file 'D:/Code/JS/Project/Demo/smartkpi-audit-ai/frontend/src/components/views/KPIManagementView.tsx'
    Imported via '@/components/ui/button' from file 'D:/Code/JS/Project/Demo/smartkpi-audit-ai/frontend/src/components/views/TeamManagementView.tsx'
    Imported via '../ui/Button' from file 'D:/Code/JS/Project/Demo/smartkpi-audit-ai/frontend/src/components/views/ReportsView.tsx'
    Imported via '@/components/ui/button' from file 'D:/Code/JS/Project/Demo/smartkpi-audit-ai/frontend/src/components/views/kpi-library/KPILibraryView.tsx'
    Imported via '@/components/ui/button' from file 'D:/Code/JS/Project/Demo/smartkpi-audit-ai/frontend/src/components/views/assessment/AssessmentPeriodView.tsx'
    Imported via '@/components/ui/button' from file 'D:/Code/JS/Project/Demo/smartkpi-audit-ai/frontend/src/components/views/data-entry/DataEntryView.tsx'
    Imported via '@/components/ui/button' from file 'D:/Code/JS/Project/Demo/smartkpi-audit-ai/frontend/src/components/views/permissions/PermissionsView.tsx'
    Matched by include pattern 'src' in 'D:/Code/JS/Project/Demo/smartkpi-audit-ai/frontend/tsconfig.json'
    Imported via './Button' from file 'D:/Code/JS/Project/Demo/smartkpi-audit-ai/frontend/src/components/ui/index.ts'
    Imported via './Button' from file 'D:/Code/JS/Project/Demo/smartkpi-audit-ai/frontend/src/components/ui/index.ts'
src/components/views/KPIManagementView.tsx(5,79): error TS1149: File name 'D:/Code/JS/Project/Demo/smartkpi-audit-ai/frontend/src/components/ui/Table.tsx' differs from already included file name 'D:/Code/JS/Project/Demo/smartkpi-audit-ai/frontend/src/components/ui/table.tsx' only in casing.
  The file is in the program because:
    Imported via '@/components/ui/table' from file 'D:/Code/JS/Project/Demo/smartkpi-audit-ai/frontend/src/components/views/DashboardView.tsx'
    Imported via '../ui/Table' from file 'D:/Code/JS/Project/Demo/smartkpi-audit-ai/frontend/src/components/views/KPIManagementView.tsx'
    Imported via '@/components/ui/table' from file 'D:/Code/JS/Project/Demo/smartkpi-audit-ai/frontend/src/components/views/TeamManagementView.tsx'
    Imported via '@/components/ui/table' from file 'D:/Code/JS/Project/Demo/smartkpi-audit-ai/frontend/src/components/views/kpi-library/KPILibraryView.tsx'
    Imported via '@/components/ui/table' from file 'D:/Code/JS/Project/Demo/smartkpi-audit-ai/frontend/src/components/views/assessment/AssessmentPeriodView.tsx'
    Imported via '@/components/ui/table' from file 'D:/Code/JS/Project/Demo/smartkpi-audit-ai/frontend/src/components/views/permissions/PermissionsView.tsx'
    Matched by include pattern 'src' in 'D:/Code/JS/Project/Demo/smartkpi-audit-ai/frontend/tsconfig.json'
    Imported via './Table' from file 'D:/Code/JS/Project/Demo/smartkpi-audit-ai/frontend/src/components/ui/index.ts'
src/components/views/KPIManagementView.tsx(55,15): error TS2322: Type '{ type: "text"; placeholder: string; value: string; onChange: (e: ChangeEvent<HTMLInputElement>) => void; icon: ForwardRefExoticComponent<Omit<LucideProps, "ref"> & RefAttributes<...>>; }' is not assignable to type 'IntrinsicAttributes & InputProps & RefAttributes<HTMLInputElement>'.
  Property 'icon' does not exist on type 'IntrinsicAttributes & InputProps & RefAttributes<HTMLInputElement>'.
src/components/views/KPIManagementView.tsx(59,39): error TS2322: Type '{ children: string; variant: "outline"; icon: ForwardRefExoticComponent<Omit<LucideProps, "ref"> & RefAttributes<SVGSVGElement>>; }' is not assignable to type 'IntrinsicAttributes & ButtonProps & RefAttributes<HTMLButtonElement>'.
  Property 'icon' does not exist on type 'IntrinsicAttributes & ButtonProps & RefAttributes<HTMLButtonElement>'.
src/components/views/KPIManagementView.tsx(62,21): error TS2322: Type '"primary"' is not assignable to type '"link" | "default" | "destructive" | "outline" | "secondary" | "ghost" | null | undefined'.
src/components/views/KPIManagementView.tsx(101,26): error TS2322: Type '"success" | "info" | "warning" | "danger"' is not assignable to type '"default" | "destructive" | "outline" | "secondary" | null | undefined'.
  Type '"success"' is not assignable to type '"default" | "destructive" | "outline" | "secondary" | null | undefined'.
src/components/views/permissions/PermissionsView.tsx(8,23): error TS1149: File name 'D:/Code/JS/Project/Demo/smartkpi-audit-ai/frontend/src/components/ui/badge.tsx' differs from already included file name 'D:/Code/JS/Project/Demo/smartkpi-audit-ai/frontend/src/components/ui/Badge.tsx' only in casing.
  The file is in the program because:
    Imported via '../ui/Badge' from file 'D:/Code/JS/Project/Demo/smartkpi-audit-ai/frontend/src/components/views/KPIManagementView.tsx'
    Imported via '@/components/ui/badge' from file 'D:/Code/JS/Project/Demo/smartkpi-audit-ai/frontend/src/components/views/TeamManagementView.tsx'
    Imported via '@/components/ui/badge' from file 'D:/Code/JS/Project/Demo/smartkpi-audit-ai/frontend/src/components/views/permissions/PermissionsView.tsx'
    Matched by include pattern 'src' in 'D:/Code/JS/Project/Demo/smartkpi-audit-ai/frontend/tsconfig.json'
    Imported via './Badge' from file 'D:/Code/JS/Project/Demo/smartkpi-audit-ai/frontend/src/components/ui/index.ts'
    Imported via './Badge' from file 'D:/Code/JS/Project/Demo/smartkpi-audit-ai/frontend/src/components/ui/index.ts'
src/components/views/ReportsView.tsx(2,16): error TS2305: Module '"../ui/Card"' has no exported member 'CardBody'.
src/components/views/ReportsView.tsx(2,32): error TS1149: File name 'D:/Code/JS/Project/Demo/smartkpi-audit-ai/frontend/src/components/ui/Card.tsx' differs from already included file name 'D:/Code/JS/Project/Demo/smartkpi-audit-ai/frontend/src/components/ui/card.tsx' only in casing.
  The file is in the program because:
    Imported via '@/components/ui/card' from file 'D:/Code/JS/Project/Demo/smartkpi-audit-ai/frontend/src/components/views/DashboardView.tsx'
    Imported via '../ui/Card' from file 'D:/Code/JS/Project/Demo/smartkpi-audit-ai/frontend/src/components/views/KPIManagementView.tsx'
    Imported via '@/components/ui/card' from file 'D:/Code/JS/Project/Demo/smartkpi-audit-ai/frontend/src/components/views/TeamManagementView.tsx'
    Imported via '../ui/Card' from file 'D:/Code/JS/Project/Demo/smartkpi-audit-ai/frontend/src/components/views/ReportsView.tsx'
    Imported via '@/components/ui/card' from file 'D:/Code/JS/Project/Demo/smartkpi-audit-ai/frontend/src/components/views/kpi-library/KPILibraryView.tsx'
    Imported via '@/components/ui/card' from file 'D:/Code/JS/Project/Demo/smartkpi-audit-ai/frontend/src/components/views/assessment/AssessmentPeriodView.tsx'
    Imported via '@/components/ui/card' from file 'D:/Code/JS/Project/Demo/smartkpi-audit-ai/frontend/src/components/views/data-entry/DataEntryView.tsx'
    Imported via '@/components/ui/card' from file 'D:/Code/JS/Project/Demo/smartkpi-audit-ai/frontend/src/components/views/permissions/PermissionsView.tsx'
    Matched by include pattern 'src' in 'D:/Code/JS/Project/Demo/smartkpi-audit-ai/frontend/tsconfig.json'
    Imported via './Card' from file 'D:/Code/JS/Project/Demo/smartkpi-audit-ai/frontend/src/components/ui/index.ts'
src/components/views/ReportsView.tsx(3,24): error TS1149: File name 'D:/Code/JS/Project/Demo/smartkpi-audit-ai/frontend/src/components/ui/Button.tsx' differs from already included file name 'D:/Code/JS/Project/Demo/smartkpi-audit-ai/frontend/src/components/ui/button.tsx' only in casing.
  The file is in the program because:
    Imported via '@/components/ui/button' from file 'D:/Code/JS/Project/Demo/smartkpi-audit-ai/frontend/src/components/views/DashboardView.tsx'
    Imported via '../ui/Button' from file 'D:/Code/JS/Project/Demo/smartkpi-audit-ai/frontend/src/components/views/KPIManagementView.tsx'
    Imported via '@/components/ui/button' from file 'D:/Code/JS/Project/Demo/smartkpi-audit-ai/frontend/src/components/views/TeamManagementView.tsx'
    Imported via '../ui/Button' from file 'D:/Code/JS/Project/Demo/smartkpi-audit-ai/frontend/src/components/views/ReportsView.tsx'
    Imported via '@/components/ui/button' from file 'D:/Code/JS/Project/Demo/smartkpi-audit-ai/frontend/src/components/views/kpi-library/KPILibraryView.tsx'
    Imported via '@/components/ui/button' from file 'D:/Code/JS/Project/Demo/smartkpi-audit-ai/frontend/src/components/views/assessment/AssessmentPeriodView.tsx'
    Imported via '@/components/ui/button' from file 'D:/Code/JS/Project/Demo/smartkpi-audit-ai/frontend/src/components/views/data-entry/DataEntryView.tsx'
    Imported via '@/components/ui/button' from file 'D:/Code/JS/Project/Demo/smartkpi-audit-ai/frontend/src/components/views/permissions/PermissionsView.tsx'
    Matched by include pattern 'src' in 'D:/Code/JS/Project/Demo/smartkpi-audit-ai/frontend/tsconfig.json'
    Imported via './Button' from file 'D:/Code/JS/Project/Demo/smartkpi-audit-ai/frontend/src/components/ui/index.ts'
    Imported via './Button' from file 'D:/Code/JS/Project/Demo/smartkpi-audit-ai/frontend/src/components/ui/index.ts'
src/components/views/ReportsView.tsx(34,37): error TS2322: Type '{ children: string; variant: "outline"; icon: ForwardRefExoticComponent<Omit<LucideProps, "ref"> & RefAttributes<SVGSVGElement>>; onClick: () => void; }' is not assignable to type 'IntrinsicAttributes & ButtonProps & RefAttributes<HTMLButtonElement>'.
  Property 'icon' does not exist on type 'IntrinsicAttributes & ButtonProps & RefAttributes<HTMLButtonElement>'.
src/components/views/ReportsView.tsx(37,35): error TS2322: Type '{ children: string; variant: "ghost"; icon: ForwardRefExoticComponent<Omit<LucideProps, "ref"> & RefAttributes<SVGSVGElement>>; onClick: () => void; }' is not assignable to type 'IntrinsicAttributes & ButtonProps & RefAttributes<HTMLButtonElement>'.
  Property 'icon' does not exist on type 'IntrinsicAttributes & ButtonProps & RefAttributes<HTMLButtonElement>'.
src/components/views/TeamManagementView.tsx(8,23): error TS1149: File name 'D:/Code/JS/Project/Demo/smartkpi-audit-ai/frontend/src/components/ui/input.tsx' differs from already included file name 'D:/Code/JS/Project/Demo/smartkpi-audit-ai/frontend/src/components/ui/Input.tsx' only in casing.
  The file is in the program because:
    Imported via '../ui/Input' from file 'D:/Code/JS/Project/Demo/smartkpi-audit-ai/frontend/src/components/views/KPIManagementView.tsx'
    Imported via '@/components/ui/input' from file 'D:/Code/JS/Project/Demo/smartkpi-audit-ai/frontend/src/components/views/TeamManagementView.tsx'
    Imported via '@/components/ui/input' from file 'D:/Code/JS/Project/Demo/smartkpi-audit-ai/frontend/src/components/views/kpi-library/KPILibraryView.tsx'
    Imported via '@/components/ui/input' from file 'D:/Code/JS/Project/Demo/smartkpi-audit-ai/frontend/src/components/views/assessment/AssessmentPeriodView.tsx'
    Imported via '@/components/ui/input' from file 'D:/Code/JS/Project/Demo/smartkpi-audit-ai/frontend/src/components/views/data-entry/DataEntryView.tsx'
    Matched by include pattern 'src' in 'D:/Code/JS/Project/Demo/smartkpi-audit-ai/frontend/tsconfig.json'
    Imported via './Input' from file 'D:/Code/JS/Project/Demo/smartkpi-audit-ai/frontend/src/components/ui/index.ts'
src/components/views/TeamManagementView.tsx(43,53): error TS1149: File name 'D:/Code/JS/Project/Demo/smartkpi-audit-ai/frontend/src/components/ui/avatar.tsx' differs from already included file name 'D:/Code/JS/Project/Demo/smartkpi-audit-ai/frontend/src/components/ui/Avatar.tsx' only in casing.
  The file is in the program because:
    Imported via '../ui/Avatar' from file 'D:/Code/JS/Project/Demo/smartkpi-audit-ai/frontend/src/components/layout/Sidebar.tsx'
    Imported via '@/components/ui/avatar' from file 'D:/Code/JS/Project/Demo/smartkpi-audit-ai/frontend/src/components/views/TeamManagementView.tsx'
    Matched by include pattern 'src' in 'D:/Code/JS/Project/Demo/smartkpi-audit-ai/frontend/tsconfig.json'
    Imported via './Avatar' from file 'D:/Code/JS/Project/Demo/smartkpi-audit-ai/frontend/src/components/ui/index.ts'
src/components/views/TeamManagementView.tsx(44,23): error TS1149: File name 'D:/Code/JS/Project/Demo/smartkpi-audit-ai/frontend/src/components/ui/badge.tsx' differs from already included file name 'D:/Code/JS/Project/Demo/smartkpi-audit-ai/frontend/src/components/ui/Badge.tsx' only in casing.
  The file is in the program because:
    Imported via '../ui/Badge' from file 'D:/Code/JS/Project/Demo/smartkpi-audit-ai/frontend/src/components/views/KPIManagementView.tsx'
    Imported via '@/components/ui/badge' from file 'D:/Code/JS/Project/Demo/smartkpi-audit-ai/frontend/src/components/views/TeamManagementView.tsx'
    Imported via '@/components/ui/badge' from file 'D:/Code/JS/Project/Demo/smartkpi-audit-ai/frontend/src/components/views/permissions/PermissionsView.tsx'
    Matched by include pattern 'src' in 'D:/Code/JS/Project/Demo/smartkpi-audit-ai/frontend/tsconfig.json'
    Imported via './Badge' from file 'D:/Code/JS/Project/Demo/smartkpi-audit-ai/frontend/src/components/ui/index.ts'
    Imported via './Badge' from file 'D:/Code/JS/Project/Demo/smartkpi-audit-ai/frontend/src/components/ui/index.ts'
